2026-08-04T21:26:58.199Z	design_tokens	7784bb3
2026-08-04T21:30:08.500Z	d1_schema	e566ec5
2026-08-04T21:31:14.665Z	env_secrets	f7e3641
2026-08-04T21:36:01.288Z	session_device_user	f3d8e82
2026-08-04T21:40:28.340Z	auth_password	70ab497
2026-08-04T21:44:17.236Z	auth_google	96f9422
2026-08-04T21:58:23.532Z	provider_keys	ae9c8b0
2026-08-04T22:04:06.275Z	extract_input	cca948a
2026-08-07T12:21:30.926Z	captions	312ba8c
2026-08-07T12:49:49.892Z	transcribe	5afbca9
2026-08-07T13:10:43.176Z	summarize_stream	34d4a36
2026-08-07T13:37:35.769Z	summary_cache	3aeca39
2026-08-08T03:06:11.574Z	home_ui	a6563c0
2026-08-08T03:17:40.157Z	history_search	36ffe6c
2026-08-08T03:20:41.784Z	share_link	3c3fb2a
2026-08-08T03:23:07.876Z	credits_d1	b939b6d
2026-08-08T03:25:01.245Z	paystack_credits	496a97f
2026-08-08T03:35:38.483Z	paid_tier_model	f303c28
2026-08-08T03:39:32.041Z	ext_manifest_menus	ed4f219
2026-08-08T03:41:52.473Z	ext_grab	368c6d9
2026-08-08T03:45:52.507Z	ext_popup_auth	39278b3
